Last login: Fri Jun  4 18:43:28 on ttys000
Gustavos-MacBook-Pro:~ Gustavo$ cd D
Desktop/   Documents/ Downloads/ 
Gustavos-MacBook-Pro:~ Gustavo$ cd D
Desktop/   Documents/ Downloads/ 
Gustavos-MacBook-Pro:~ Gustavo$ cd D
Desktop/   Documents/ Downloads/ 
Gustavos-MacBook-Pro:~ Gustavo$ cd Documents/
Gustavos-MacBook-Pro:Documents Gustavo$ cd GitHub/
Gustavos-MacBook-Pro:GitHub Gustavo$ ls
About-Python			funciones-jquery
Bootcamp			function-predict
arrays-algo			jugando-con-objetos
arrays-predict			learningtocommit
basicoJava			loops-algo
blocks				loops-predict
conceptosbasicosdejavascript	ninja-desapareciendo
css				python_stack
de-ninja-a-gato
Gustavos-MacBook-Pro:GitHub Gustavo$ git help
usage: git [--version] [--help] [-C <path>] [-c <name>=<value>]
           [--exec-path[=<path>]] [--html-path] [--man-path] [--info-path]
           [-p | --paginate | -P | --no-pager] [--no-replace-objects] [--bare]
           [--git-dir=<path>] [--work-tree=<path>] [--namespace=<name>]
           [--super-prefix=<path>] [--config-env=<name>=<envvar>]
           <command> [<args>]

These are common Git commands used in various situations:

start a working area (see also: git help tutorial)
   clone             Clone a repository into a new directory
   init              Create an empty Git repository or reinitialize an existing one

work on the current change (see also: git help everyday)
   add               Add file contents to the index
   mv                Move or rename a file, a directory, or a symlink
   restore           Restore working tree files
   rm                Remove files from the working tree and from the index
   sparse-checkout   Initialize and modify the sparse-checkout

examine the history and state (see also: git help revisions)
   bisect            Use binary search to find the commit that introduced a bug
   diff              Show changes between commits, commit and working tree, etc
   grep              Print lines matching a pattern
   log               Show commit logs
   show              Show various types of objects
   status            Show the working tree status

grow, mark and tweak your common history
   branch            List, create, or delete branches
   commit            Record changes to the repository
   merge             Join two or more development histories together
   rebase            Reapply commits on top of another base tip
   reset             Reset current HEAD to the specified state
   switch            Switch branches
   tag               Create, list, delete or verify a tag object signed with GPG

collaborate (see also: git help workflows)
   fetch             Download objects and refs from another repository
   pull              Fetch from and integrate with another repository or a local branch
   push              Update remote refs along with associated objects

'git help -a' and 'git help -g' list available subcommands and some
concept guides. See 'git help <command>' or 'git help <concept>'
to read about a specific subcommand or concept.
See 'git help git' for an overview of the system.
Gustavos-MacBook-Pro:GitHub Gustavo$ git init basic_repo
hint: Using 'master' as the name for the initial branch. This default branch name
hint: is subject to change. To configure the initial branch name to use in all
hint: of your new repositories, which will suppress this warning, call:
hint: 
hint: 	git config --global init.defaultBranch <name>
hint: 
hint: Names commonly chosen instead of 'master' are 'main', 'trunk' and
hint: 'development'. The just-created branch can be renamed via this command:
hint: 
hint: 	git branch -m <name>
Initialized empty Git repository in /Users/Gustavo/Documents/GitHub/basic_repo/.git/
Gustavos-MacBook-Pro:GitHub Gustavo$ cd b
basic_repo/ basicoJava/ blocks/     
Gustavos-MacBook-Pro:GitHub Gustavo$ cd b
basic_repo/ basicoJava/ blocks/     
Gustavos-MacBook-Pro:GitHub Gustavo$ cd b
basic_repo/ basicoJava/ blocks/     
Gustavos-MacBook-Pro:GitHub Gustavo$ cd basic_repo/
Gustavos-MacBook-Pro:basic_repo Gustavo$ vi index.html
Gustavos-MacBook-Pro:basic_repo Gustavo$ ls
index.html
Gustavos-MacBook-Pro:basic_repo Gustavo$ vi styles.css
Gustavos-MacBook-Pro:basic_repo Gustavo$ git help
usage: git [--version] [--help] [-C <path>] [-c <name>=<value>]
           [--exec-path[=<path>]] [--html-path] [--man-path] [--info-path]
           [-p | --paginate | -P | --no-pager] [--no-replace-objects] [--bare]
           [--git-dir=<path>] [--work-tree=<path>] [--namespace=<name>]
           [--super-prefix=<path>] [--config-env=<name>=<envvar>]
           <command> [<args>]

These are common Git commands used in various situations:

start a working area (see also: git help tutorial)
   clone             Clone a repository into a new directory
   init              Create an empty Git repository or reinitialize an existing one

work on the current change (see also: git help everyday)
   add               Add file contents to the index
   mv                Move or rename a file, a directory, or a symlink
   restore           Restore working tree files
   rm                Remove files from the working tree and from the index
   sparse-checkout   Initialize and modify the sparse-checkout

examine the history and state (see also: git help revisions)
   bisect            Use binary search to find the commit that introduced a bug
   diff              Show changes between commits, commit and working tree, etc
   grep              Print lines matching a pattern
   log               Show commit logs
   show              Show various types of objects
   status            Show the working tree status

grow, mark and tweak your common history
   branch            List, create, or delete branches
   commit            Record changes to the repository
   merge             Join two or more development histories together
   rebase            Reapply commits on top of another base tip
   reset             Reset current HEAD to the specified state
   switch            Switch branches
   tag               Create, list, delete or verify a tag object signed with GPG

collaborate (see also: git help workflows)
   fetch             Download objects and refs from another repository
   pull              Fetch from and integrate with another repository or a local branch
   push              Update remote refs along with associated objects

'git help -a' and 'git help -g' list available subcommands and some
concept guides. See 'git help <command>' or 'git help <concept>'
to read about a specific subcommand or concept.
See 'git help git' for an overview of the system.
Gustavos-MacBook-Pro:basic_repo Gustavo$ git add index.html 
Gustavos-MacBook-Pro:basic_repo Gustavo$ git add styles.css 
Gustavos-MacBook-Pro:basic_repo Gustavo$ commit -m "update"
-bash: commit: command not found
Gustavos-MacBook-Pro:basic_repo Gustavo$ git commit -m 
error: switch `m' requires a value
Gustavos-MacBook-Pro:basic_repo Gustavo$ git commit -m "update"
[master (root-commit) 3a6b6f9] update
 2 files changed, 4 insertions(+)
 create mode 100644 index.html
 create mode 100644 styles.css
Gustavos-MacBook-Pro:basic_repo Gustavo$ git remote add origin https://github.com/gumuller83/basic_repo
Gustavos-MacBook-Pro:basic_repo Gustavo$ git push origin master
Username for 'https://github.com': gumuller83
Password for 'https://gumuller83@github.com': 
Enumerating objects: 4, done.
Counting objects: 100% (4/4), done.
Delta compression using up to 2 threads
Compressing objects: 100% (2/2), done.
Writing objects: 100% (4/4), 307 bytes | 153.00 KiB/s, done.
Total 4 (delta 0), reused 0 (delta 0), pack-reused 0
To https://github.com/gumuller83/basic_repo
 * [new branch]      master -> master
Gustavos-MacBook-Pro:basic_repo Gustavo$ vi index.html
Gustavos-MacBook-Pro:basic_repo Gustavo$ vi styles.css 
Gustavos-MacBook-Pro:basic_repo Gustavo$ git commit -m "update2"
On branch master
Changes not staged for commit:
  (use "git add <file>..." to update what will be committed)
  (use "git restore <file>..." to discard changes in working directory)
	modified:   index.html
	modified:   styles.css

no changes added to commit (use "git add" and/or "git commit -a")
Gustavos-MacBook-Pro:basic_repo Gustavo$ git add index.html 
Gustavos-MacBook-Pro:basic_repo Gustavo$ git add styles.css 
Gustavos-MacBook-Pro:basic_repo Gustavo$ git commit -m "update2"
[master 865981d] update2
 2 files changed, 4 insertions(+)
Gustavos-MacBook-Pro:basic_repo Gustavo$ git remote add origin https://github.com/gumuller83/basic_repo
error: remote origin already exists.
Gustavos-MacBook-Pro:basic_repo Gustavo$ git push origin master
Enumerating objects: 7, done.
Counting objects: 100% (7/7), done.
Delta compression using up to 2 threads
Compressing objects: 100% (2/2), done.
Writing objects: 100% (4/4), 364 bytes | 364.00 KiB/s, done.
Total 4 (delta 0), reused 0 (delta 0), pack-reused 0
To https://github.com/gumuller83/basic_repo
   3a6b6f9..865981d  master -> master
Gustavos-MacBook-Pro:basic_repo Gustavo$ 

